// Jest Snapshot v1, https://goo.gl/fbAQLP

exports[`renders the home component correctly 1`] = `
<div>
  <div>
    The home page
    <h1>
      I changed this homepage
    </h1>
    <img
      alt="tree frog"
      src="treefrog.jpg"
    />
    <div>
      <form>
        <label
          for="myTextId"
        >
          Input
        </label>
        <input
          id="myTextId"
          name="myText"
          type="text"
        />
        <label
          for="myDropdownId"
        >
          Input
        </label>
        <select
          id="myDropdownId"
          name="myDropdown"
        >
          <option
            value="foo"
          >
            Foo
          </option>
          <option
            value="bar"
          >
            Bar
          </option>
          <option
            value="baz"
          >
            Baz
          </option>
        </select>
        <label
          for="foo-yes"
        >
          yes
        </label>
        <input
          id="foo-yes"
          name="foo"
          type="radio"
          value="yes"
        />
        <label
          for="foo-no"
        >
          no
        </label>
        <input
          id="foo-no"
          name="foo"
          type="radio"
          value="no"
        />
        <label
          for="foo-maybe"
        >
          maybe
        </label>
        <input
          id="foo-maybe"
          name="foo"
          type="radio"
          value="maybe"
        />
        <input
          type="submit"
          value="Send it"
        />
      </form>
    </div>
  </div>
</div>
`;
